C51 COMPILER V8.02   TEXT3                                                                 10/19/2018 21:30:41 PAGE 1   


C51 COMPILER V8.02, COMPILATION OF MODULE TEXT3
OBJECT MODULE PLACED IN .\Text3.obj
COMPILER INVOKED BY: C:\Keil\C51\BIN\C51.EXE I:\º∆À„∆˜m\Text3.c BROWSE DEBUG OBJECTEXTEND PRINT(.\Text3.lst) OBJECT(.\Te
                    -xt3.obj)

line level    source

   1          #include  <reg51.h>
   2          #include "LCD1602.h"
   3          #include "LCD1602define.h"
   4          #define uchar unsigned char
   5          #define uint  unsigned int
   6          unsigned char code num[]={"0123456789"};
   7          void zl(long w);
   8          main()
   9          {
  10   1              LCD_initial();   //LCD≥ı ºªØ
  11   1              LCD_ClrAll();
  12   1              while(1)
  13   1              {
  14   2                      zf(1);
  15   2                      while(1);
  16   2              }
  17   1      }
  18          void zl(long w)
  19          {
  20   1              uchar c=1,d=0;
  21   1              long q=1000000000;
  22   1              while(c)
  23   1                      {
  24   2                              
  25   2                              if((0==num[w/q%10])||1==d)
  26   2                              {
  27   3                                              zf(num[w/q%10]);
  28   3                                              d=1;
  29   3                              }
  30   2                              q=q/10;
  31   2                              if(0==q)
  32   2                              {
  33   3                                      c=0;
  34   3                              }
  35   2                      }
  36   1      }
  37          
  38          


MODULE INFORMATION:   STATIC OVERLAYABLE
   CODE SIZE        =    314    ----
   CONSTANT SI